<?xml version="1.0" encoding="UTF-8"?>
<TestRun id="14417e77-a758-4301-a48f-c8afb9a7870d" name="Rhys@RHYS-EEEPC 2010-08-10 15:08:03" runUser="Rhys-EeePC\Rhys" xmlns="http://microsoft.com/schemas/VisualStudio/TeamTest/2010">
  <TestSettings name="Local" id="71c75c32-a4db-4f19-be5c-fb6c29e8000b">
    <Description>These are default test settings for a local test run.</Description>
    <Deployment enabled="false" runDeploymentRoot="Rhys_RHYS-EEEPC 2010-08-10 15_08_03" />
    <Execution>
      <TestTypeSpecific />
      <AgentRule name="Execution Agents">
      </AgentRule>
    </Execution>
  </TestSettings>
  <Times creation="2010-08-10T15:08:03.7687113+08:00" queuing="2010-08-10T15:09:09.0080259+08:00" start="2010-08-10T15:09:10.2404281+08:00" finish="2010-08-10T15:09:15.2324368+08:00" />
  <ResultSummary outcome="Completed">
    <Counters total="1" executed="1" passed="1" error="0" failed="0" timeout="0" aborted="0" inconclusive="0" passedButRunAborted="0" notRunnable="0" notExecuted="0" disconnected="0" warning="0" completed="0" inProgress="0" pending="0" />
  </ResultSummary>
  <TestDefinitions>
    <UnitTest name="TestMethod1" storage="d:\code\projects\galacticads\galacticads.web.tests\bin\debug\galacticads.web.tests.dll" id="a996fe88-3e5c-971c-f114-ed190f5530e9">
      <Execution id="61725276-c0da-4760-99ae-59d2098f28b2" />
      <TestMethod codeBase="D:/Code/Projects/GalacticAds/GalacticAds.Web.Tests/bin/Debug/GalacticAds.Web.Tests.DLL" adapterTypeName="Microsoft.VisualStudio.TestTools.TestTypes.Unit.UnitTestAdapter, Microsoft.VisualStudio.QualityTools.Tips.UnitTest.Adapter, Version=10.0.0.0, Culture=neutral, PublicKeyToken=b03f5f7f11d50a3a" className="GalacticAds.Web.Tests.UnitTest1, GalacticAds.Web.Tests, Version=1.0.0.0, Culture=neutral, PublicKeyToken=null" name="TestMethod1" />
    </UnitTest>
  </TestDefinitions>
  <TestLists>
    <TestList name="Results Not in a List" id="8c84fa94-04c1-424b-9868-57a2d4851a1d" />
    <TestList name="All Loaded Results" id="19431567-8539-422a-85d7-44ee4e166bda" />
  </TestLists>
  <TestEntries>
    <TestEntry testId="a996fe88-3e5c-971c-f114-ed190f5530e9" executionId="61725276-c0da-4760-99ae-59d2098f28b2" testListId="8c84fa94-04c1-424b-9868-57a2d4851a1d" />
  </TestEntries>
  <Results>
    <UnitTestResult executionId="61725276-c0da-4760-99ae-59d2098f28b2" testId="a996fe88-3e5c-971c-f114-ed190f5530e9" testName="TestMethod1" computerName="RHYS-EEEPC" duration="00:00:00.0744379" startTime="2010-08-10T15:09:10.6616288+08:00" endTime="2010-08-10T15:09:15.0140364+08:00" testType="13cdc9d9-ddb5-4fa4-a97d-d965ccfc6d4b" outcome="Passed" testListId="8c84fa94-04c1-424b-9868-57a2d4851a1d" relativeResultsDirectory="61725276-c0da-4760-99ae-59d2098f28b2">
    </UnitTestResult>
  </Results>
</TestRun>